// Jest Snapshot v1, https://goo.gl/fbAQLP

exports[`<App /> Expect to be render correctly 1`] = `
<div
  className="App"
>
  <div
    className="App-header"
  >
    <h1>
      <img
        alt="logo"
        className="App-logo"
        src="logo.svg"
      />
      Welcome to React
    </h1>
  </div>
  <div
    className="jumbotron"
  >
    <p
      className="App-intro"
    >
      To get started, edit 
      <code>
        src/App.js
      </code>
       and save to reload.
    </p>
  </div>
  <div>
    <h1>
      SAGA SAMPLE
    </h1>
    <div>
      test
    </div>
  </div>
  <div
    className="well"
  >
    <p>
      Front-End Version 
      test
       
      123
    </p>
    <p>
      Back-End Version (get from the api) 
    </p>
  </div>
</div>
`;
